#! /usr/bin/vvp
:ivl_version "12.0 (stable)";
:ivl_delay_selection "TYPICAL";
:vpi_time_precision - 12;
:vpi_module "/usr/lib/x86_64-linux-gnu/ivl/system.vpi";
:vpi_module "/usr/lib/x86_64-linux-gnu/ivl/vhdl_sys.vpi";
:vpi_module "/usr/lib/x86_64-linux-gnu/ivl/vhdl_textio.vpi";
:vpi_module "/usr/lib/x86_64-linux-gnu/ivl/v2005_math.vpi";
:vpi_module "/usr/lib/x86_64-linux-gnu/ivl/va_math.vpi";
:vpi_module "/usr/lib/x86_64-linux-gnu/ivl/v2009.vpi";
S_0x57f7b80e9a10 .scope package, "$unit" "$unit" 2 1;
 .timescale 0 0;
S_0x57f7b80a7490 .scope module, "FSM_tb" "FSM_tb" 3 6;
 .timescale -9 -12;
v0x57f7b8106840_0 .var "clk", 0 0;
v0x57f7b8106900_0 .var "rst", 0 0;
v0x57f7b81069a0_0 .var "s", 0 0;
v0x57f7b8106a40_0 .net "z", 0 0, v0x57f7b8106700_0;  1 drivers
S_0x57f7b80a7620 .scope module, "uut" "FSM" 3 14, 4 4 0, S_0x57f7b80a7490;
 .timescale -9 -12;
    .port_info 0 /INPUT 1 "clk";
    .port_info 1 /INPUT 1 "s";
    .port_info 2 /INPUT 1 "rst";
    .port_info 3 /OUTPUT 1 "z";
v0x57f7b80d6d40_0 .net "clk", 0 0, v0x57f7b8106840_0;  1 drivers
v0x57f7b80d70d0_0 .var "q0", 0 0;
v0x57f7b80d7460_0 .var "q0n", 0 0;
v0x57f7b80d77f0_0 .var "q1", 0 0;
v0x57f7b80d7b80_0 .var "q1n", 0 0;
v0x57f7b80d7f10_0 .var "q2", 0 0;
v0x57f7b80d82a0_0 .var "q2n", 0 0;
v0x57f7b8106580_0 .net "rst", 0 0, v0x57f7b8106900_0;  1 drivers
v0x57f7b8106640_0 .net "s", 0 0, v0x57f7b81069a0_0;  1 drivers
v0x57f7b8106700_0 .var "z", 0 0;
E_0x57f7b80ea6f0 .event posedge, v0x57f7b80d6d40_0;
E_0x57f7b80ea430 .event anyedge, v0x57f7b80d7f10_0, v0x57f7b80d70d0_0, v0x57f7b8106640_0, v0x57f7b80d77f0_0;
    .scope S_0x57f7b80a7620;
T_0 ;
Ewait_0 .event/or E_0x57f7b80ea430, E_0x0;
    %wait Ewait_0;
    %load/vec4 v0x57f7b80d7f10_0;
    %load/vec4 v0x57f7b80d70d0_0;
    %inv;
    %and;
    %load/vec4 v0x57f7b8106640_0;
    %load/vec4 v0x57f7b80d77f0_0;
    %xor;
    %inv;
    %and;
    %load/vec4 v0x57f7b80d70d0_0;
    %load/vec4 v0x57f7b8106640_0;
    %and;
    %load/vec4 v0x57f7b80d7f10_0;
    %load/vec4 v0x57f7b80d77f0_0;
    %xor;
    %and;
    %or;
    %store/vec4 v0x57f7b80d82a0_0, 0, 1;
    %load/vec4 v0x57f7b80d77f0_0;
    %load/vec4 v0x57f7b80d70d0_0;
    %inv;
    %and;
    %load/vec4 v0x57f7b80d7f10_0;
    %load/vec4 v0x57f7b8106640_0;
    %xor;
    %and;
    %load/vec4 v0x57f7b80d70d0_0;
    %load/vec4 v0x57f7b80d7f10_0;
    %load/vec4 v0x57f7b8106640_0;
    %xor;
    %inv;
    %and;
    %or;
    %store/vec4 v0x57f7b80d7b80_0, 0, 1;
    %load/vec4 v0x57f7b80d7f10_0;
    %inv;
    %load/vec4 v0x57f7b80d70d0_0;
    %inv;
    %and;
    %load/vec4 v0x57f7b8106640_0;
    %and;
    %load/vec4 v0x57f7b80d7f10_0;
    %load/vec4 v0x57f7b80d77f0_0;
    %inv;
    %and;
    %load/vec4 v0x57f7b80d70d0_0;
    %inv;
    %and;
    %or;
    %load/vec4 v0x57f7b80d7f10_0;
    %inv;
    %load/vec4 v0x57f7b80d77f0_0;
    %inv;
    %and;
    %load/vec4 v0x57f7b8106640_0;
    %and;
    %or;
    %store/vec4 v0x57f7b80d7460_0, 0, 1;
    %load/vec4 v0x57f7b80d7f10_0;
    %load/vec4 v0x57f7b80d77f0_0;
    %and;
    %store/vec4 v0x57f7b8106700_0, 0, 1;
    %jmp T_0;
    .thread T_0, $push;
    .scope S_0x57f7b80a7620;
T_1 ;
    %wait E_0x57f7b80ea6f0;
    %load/vec4 v0x57f7b8106580_0;
    %nor/r;
    %flag_set/vec4 8;
    %jmp/0xz  T_1.0, 8;
    %pushi/vec4 0, 0, 1;
    %assign/vec4 v0x57f7b80d7f10_0, 0;
    %pushi/vec4 0, 0, 1;
    %assign/vec4 v0x57f7b80d77f0_0, 0;
    %pushi/vec4 0, 0, 1;
    %assign/vec4 v0x57f7b80d70d0_0, 0;
    %jmp T_1.1;
T_1.0 ;
    %load/vec4 v0x57f7b80d82a0_0;
    %assign/vec4 v0x57f7b80d7f10_0, 0;
    %load/vec4 v0x57f7b80d7b80_0;
    %assign/vec4 v0x57f7b80d77f0_0, 0;
    %load/vec4 v0x57f7b80d7460_0;
    %assign/vec4 v0x57f7b80d70d0_0, 0;
T_1.1 ;
    %jmp T_1;
    .thread T_1;
    .scope S_0x57f7b80a7490;
T_2 ;
    %vpi_call/w 3 22 "$dumpfile", "FSM_pattrecon.vcd" {0 0 0};
    %vpi_call/w 3 23 "$dumpvars", 32'sb00000000000000000000000000000000, S_0x57f7b80a7490 {0 0 0};
    %end;
    .thread T_2;
    .scope S_0x57f7b80a7490;
T_3 ;
    %delay 5000000, 0;
    %load/vec4 v0x57f7b8106840_0;
    %inv;
    %store/vec4 v0x57f7b8106840_0, 0, 1;
    %jmp T_3;
    .thread T_3;
    .scope S_0x57f7b80a7490;
T_4 ;
    %pushi/vec4 0, 0, 1;
    %assign/vec4 v0x57f7b8106840_0, 0;
    %pushi/vec4 0, 0, 1;
    %assign/vec4 v0x57f7b8106900_0, 0;
    %pushi/vec4 0, 0, 1;
    %assign/vec4 v0x57f7b81069a0_0, 0;
    %pushi/vec4 2, 0, 32;
T_4.0 %dup/vec4;
    %pushi/vec4 0, 0, 32;
    %cmp/s;
    %jmp/1xz T_4.1, 5;
    %jmp/1 T_4.1, 4;
    %pushi/vec4 1, 0, 32;
    %sub;
    %wait E_0x57f7b80ea6f0;
    %jmp T_4.0;
T_4.1 ;
    %pop/vec4 1;
    %pushi/vec4 1, 0, 1;
    %assign/vec4 v0x57f7b8106900_0, 0;
    %vpi_call/w 3 42 "$monitor", "[%0t] z=%b | s=%b q2=%b q1=%b q0=%b", $time, v0x57f7b8106a40_0, v0x57f7b81069a0_0, v0x57f7b80d7f10_0, v0x57f7b80d77f0_0, v0x57f7b80d70d0_0 {0 0 0};
    %pushi/vec4 1, 0, 1;
    %assign/vec4 v0x57f7b81069a0_0, 0;
    %wait E_0x57f7b80ea6f0;
    %delay 1000, 0;
    %pushi/vec4 1, 0, 1;
    %assign/vec4 v0x57f7b81069a0_0, 0;
    %wait E_0x57f7b80ea6f0;
    %delay 1000, 0;
    %pushi/vec4 0, 0, 1;
    %assign/vec4 v0x57f7b81069a0_0, 0;
    %wait E_0x57f7b80ea6f0;
    %delay 1000, 0;
    %pushi/vec4 0, 0, 1;
    %assign/vec4 v0x57f7b81069a0_0, 0;
    %wait E_0x57f7b80ea6f0;
    %delay 1000, 0;
    %pushi/vec4 1, 0, 1;
    %assign/vec4 v0x57f7b81069a0_0, 0;
    %wait E_0x57f7b80ea6f0;
    %delay 1000, 0;
    %pushi/vec4 0, 0, 1;
    %assign/vec4 v0x57f7b81069a0_0, 0;
    %wait E_0x57f7b80ea6f0;
    %delay 1000, 0;
    %pushi/vec4 1, 0, 1;
    %assign/vec4 v0x57f7b81069a0_0, 0;
    %wait E_0x57f7b80ea6f0;
    %delay 1000, 0;
    %pushi/vec4 0, 0, 1;
    %assign/vec4 v0x57f7b81069a0_0, 0;
    %wait E_0x57f7b80ea6f0;
    %delay 1000, 0;
    %pushi/vec4 1, 0, 1;
    %assign/vec4 v0x57f7b81069a0_0, 0;
    %wait E_0x57f7b80ea6f0;
    %delay 1000, 0;
    %pushi/vec4 1, 0, 1;
    %assign/vec4 v0x57f7b81069a0_0, 0;
    %wait E_0x57f7b80ea6f0;
    %delay 1000, 0;
    %pushi/vec4 1, 0, 1;
    %assign/vec4 v0x57f7b81069a0_0, 0;
    %wait E_0x57f7b80ea6f0;
    %delay 1000, 0;
    %pushi/vec4 0, 0, 1;
    %assign/vec4 v0x57f7b81069a0_0, 0;
    %wait E_0x57f7b80ea6f0;
    %delay 1000, 0;
    %pushi/vec4 1, 0, 1;
    %assign/vec4 v0x57f7b81069a0_0, 0;
    %wait E_0x57f7b80ea6f0;
    %delay 1000, 0;
    %pushi/vec4 1, 0, 1;
    %assign/vec4 v0x57f7b81069a0_0, 0;
    %wait E_0x57f7b80ea6f0;
    %delay 1000, 0;
    %pushi/vec4 0, 0, 1;
    %assign/vec4 v0x57f7b81069a0_0, 0;
    %wait E_0x57f7b80ea6f0;
    %delay 1000, 0;
    %pushi/vec4 0, 0, 1;
    %assign/vec4 v0x57f7b81069a0_0, 0;
    %wait E_0x57f7b80ea6f0;
    %delay 1000, 0;
    %pushi/vec4 1, 0, 1;
    %assign/vec4 v0x57f7b81069a0_0, 0;
    %wait E_0x57f7b80ea6f0;
    %delay 1000, 0;
    %pushi/vec4 0, 0, 1;
    %assign/vec4 v0x57f7b81069a0_0, 0;
    %wait E_0x57f7b80ea6f0;
    %delay 1000, 0;
    %pushi/vec4 1, 0, 1;
    %assign/vec4 v0x57f7b81069a0_0, 0;
    %wait E_0x57f7b80ea6f0;
    %delay 1000, 0;
    %pushi/vec4 1, 0, 1;
    %assign/vec4 v0x57f7b81069a0_0, 0;
    %wait E_0x57f7b80ea6f0;
    %delay 1000, 0;
    %pushi/vec4 0, 0, 1;
    %assign/vec4 v0x57f7b81069a0_0, 0;
    %wait E_0x57f7b80ea6f0;
    %delay 1000, 0;
    %pushi/vec4 1, 0, 1;
    %assign/vec4 v0x57f7b81069a0_0, 0;
    %wait E_0x57f7b80ea6f0;
    %delay 1000, 0;
    %pushi/vec4 1, 0, 1;
    %assign/vec4 v0x57f7b81069a0_0, 0;
    %wait E_0x57f7b80ea6f0;
    %delay 1000, 0;
    %pushi/vec4 0, 0, 1;
    %assign/vec4 v0x57f7b81069a0_0, 0;
    %wait E_0x57f7b80ea6f0;
    %delay 1000, 0;
    %pushi/vec4 1, 0, 1;
    %assign/vec4 v0x57f7b81069a0_0, 0;
    %wait E_0x57f7b80ea6f0;
    %delay 1000, 0;
    %pushi/vec4 0, 0, 1;
    %assign/vec4 v0x57f7b81069a0_0, 0;
    %wait E_0x57f7b80ea6f0;
    %delay 1000, 0;
    %vpi_call/w 3 177 "$finish" {0 0 0};
    %end;
    .thread T_4;
# The file index is used to find the file name in the following table.
:file_names 5;
    "N/A";
    "<interactive>";
    "-";
    "FSM_moore_tb.v";
    "FSM_moore.v";
