%Warning: Data.hex:0: $readmem file not found
Switch 1 : 0 | Switch 2: 0 | Switch Master : 0 | ClockCount = 0 | Output Value: 0 | Output Value (SVA): 0 | WriteEnable: 0 |  OpCode=JR |  InDest: 0 | InSrc: 0 | OutDest: 0 | PortData1: 0 | PmuxReadData: 0 | DMuxSlaveData3: 0 | DMuxReadData: 0 | InBlockUse: 0 | time=0
Switch 1 : 0 | Switch 2: 0 | Switch Master : 89 | ClockCount = 0 | Output Value: 0 | Output Value (SVA): 0 | WriteEnable: 0 |  OpCode=JR |  InDest: 0 | InSrc: 0 | OutDest: 0 | PortData1: 89 | PmuxReadData: 89 | DMuxSlaveData3: 89 | DMuxReadData: 0 | InBlockUse: 0 | time=2000
Switch 1 : 0 | Switch 2: 0 | Switch Master : 813 | ClockCount = 0 | Output Value: 0 | Output Value (SVA): 0 | WriteEnable: 0 |  OpCode=JR |  InDest: 0 | InSrc: 0 | OutDest: 0 | PortData1: 813 | PmuxReadData: 813 | DMuxSlaveData3: 813 | DMuxReadData: 0 | InBlockUse: 0 | time=3000
Switch 1 : 0 | Switch 2: 0 | Switch Master : 776 | ClockCount = 0 | Output Value: 0 | Output Value (SVA): 0 | WriteEnable: 0 |  OpCode=JR |  InDest: 0 | InSrc: 0 | OutDest: 0 | PortData1: 776 | PmuxReadData: 776 | DMuxSlaveData3: 776 | DMuxReadData: 0 | InBlockUse: 0 | time=4000
Switch 1 : 0 | Switch 2: 0 | Switch Master : 928 | ClockCount = 0 | Output Value: 0 | Output Value (SVA): 0 | WriteEnable: 0 |  OpCode=JR |  InDest: 0 | InSrc: 0 | OutDest: 0 | PortData1: 928 | PmuxReadData: 928 | DMuxSlaveData3: 928 | DMuxReadData: 0 | InBlockUse: 0 | time=5000
Switch 1 : 0 | Switch 2: 0 | Switch Master : 343 | ClockCount = 0 | Output Value: 0 | Output Value (SVA): 0 | WriteEnable: 0 |  OpCode=LIL |  InDest: 0 | InSrc: 0 | OutDest: 0 | PortData1: 343 | PmuxReadData: 343 | DMuxSlaveData3: 343 | DMuxReadData: 0 | InBlockUse: 0 | time=6000
Switch 1 : 0 | Switch 2: 0 | Switch Master : 829 | ClockCount = 0 | Output Value: 0 | Output Value (SVA): 0 | WriteEnable: 0 |  OpCode=LIL |  InDest: 0 | InSrc: 0 | OutDest: 0 | PortData1: 829 | PmuxReadData: 829 | DMuxSlaveData3: 829 | DMuxReadData: 0 | InBlockUse: 0 | time=7000
Switch 1 : 0 | Switch 2: 0 | Switch Master : 192 | ClockCount = 1 | Output Value: 0 | Output Value (SVA): 0 | WriteEnable: 0 |  OpCode=LIL |  InDest: 0 | InSrc: 0 | OutDest: 0 | PortData1: 192 | PmuxReadData: 192 | DMuxSlaveData3: 192 | DMuxReadData: 0 | InBlockUse: 0 | time=10000
Switch 1 : 0 | Switch 2: 0 | Switch Master : 218 | ClockCount = 1 | Output Value: 0 | Output Value (SVA): 0 | WriteEnable: 0 |  OpCode=LIL |  InDest: 0 | InSrc: 0 | OutDest: 0 | PortData1: 218 | PmuxReadData: 218 | DMuxSlaveData3: 218 | DMuxReadData: 0 | InBlockUse: 0 | time=12000
Switch 1 : 0 | Switch 2: 0 | Switch Master : 209 | ClockCount = 1 | Output Value: 0 | Output Value (SVA): 0 | WriteEnable: 0 |  OpCode=LIL |  InDest: 0 | InSrc: 0 | OutDest: 0 | PortData1: 209 | PmuxReadData: 209 | DMuxSlaveData3: 209 | DMuxReadData: 0 | InBlockUse: 0 | time=14000
Switch 1 : 0 | Switch 2: 0 | Switch Master : 458 | ClockCount = 1 | Output Value: 0 | Output Value (SVA): 0 | WriteEnable: 0 |  OpCode=LIL |  InDest: 0 | InSrc: 0 | OutDest: 0 | PortData1: 458 | PmuxReadData: 458 | DMuxSlaveData3: 458 | DMuxReadData: 0 | InBlockUse: 0 | time=15000
Switch 1 : 0 | Switch 2: 0 | Switch Master : 648 | ClockCount = 1 | Output Value: 0 | Output Value (SVA): 0 | WriteEnable: 0 |  OpCode=LIU |  InDest: 0 | InSrc: 0 | OutDest: 49152 | PortData1: 648 | PmuxReadData: 648 | DMuxSlaveData3: 648 | DMuxReadData: 0 | InBlockUse: 0 | time=18000
Switch 1 : 0 | Switch 2: 0 | Switch Master : 266 | ClockCount = 2 | Output Value: 0 | Output Value (SVA): 0 | WriteEnable: 0 |  OpCode=LIU |  InDest: 0 | InSrc: 0 | OutDest: 49152 | PortData1: 266 | PmuxReadData: 266 | DMuxSlaveData3: 266 | DMuxReadData: 0 | InBlockUse: 0 | time=20000
Switch 1 : 0 | Switch 2: 0 | Switch Master : 723 | ClockCount = 2 | Output Value: 0 | Output Value (SVA): 0 | WriteEnable: 0 |  OpCode=LIU |  InDest: 0 | InSrc: 0 | OutDest: 49152 | PortData1: 723 | PmuxReadData: 723 | DMuxSlaveData3: 723 | DMuxReadData: 0 | InBlockUse: 0 | time=21000
Switch 1 : 0 | Switch 2: 0 | Switch Master : 660 | ClockCount = 2 | Output Value: 0 | Output Value (SVA): 0 | WriteEnable: 0 |  OpCode=LIU |  InDest: 0 | InSrc: 0 | OutDest: 49152 | PortData1: 660 | PmuxReadData: 660 | DMuxSlaveData3: 660 | DMuxReadData: 0 | InBlockUse: 0 | time=22000
Switch 1 : 0 | Switch 2: 0 | Switch Master : 95 | ClockCount = 2 | Output Value: 0 | Output Value (SVA): 0 | WriteEnable: 0 |  OpCode=LIU |  InDest: 0 | InSrc: 0 | OutDest: 49152 | PortData1: 95 | PmuxReadData: 95 | DMuxSlaveData3: 95 | DMuxReadData: 0 | InBlockUse: 0 | time=24000
Switch 1 : 0 | Switch 2: 0 | Switch Master : 989 | ClockCount = 2 | Output Value: 0 | Output Value (SVA): 0 | WriteEnable: 0 |  OpCode=LIU |  InDest: 0 | InSrc: 0 | OutDest: 49152 | PortData1: 989 | PmuxReadData: 989 | DMuxSlaveData3: 989 | DMuxReadData: 0 | InBlockUse: 0 | time=25000
Switch 1 : 0 | Switch 2: 0 | Switch Master : 105 | ClockCount = 2 | Output Value: 0 | Output Value (SVA): 0 | WriteEnable: 0 |  OpCode=LIL |  InDest: 0 | InSrc: 0 | OutDest: 0 | PortData1: 105 | PmuxReadData: 105 | DMuxSlaveData3: 105 | DMuxReadData: 0 | InBlockUse: 0 | time=27000
Switch 1 : 0 | Switch 2: 0 | Switch Master : 1019 | ClockCount = 2 | Output Value: 0 | Output Value (SVA): 0 | WriteEnable: 0 |  OpCode=LIL |  InDest: 0 | InSrc: 0 | OutDest: 0 | PortData1: 1019 | PmuxReadData: 1019 | DMuxSlaveData3: 1019 | DMuxReadData: 0 | InBlockUse: 0 | time=29000
Switch 1 : 0 | Switch 2: 0 | Switch Master : 1019 | ClockCount = 3 | Output Value: 0 | Output Value (SVA): 0 | WriteEnable: 0 |  OpCode=LIL |  InDest: 0 | InSrc: 0 | OutDest: 0 | PortData1: 1019 | PmuxReadData: 1019 | DMuxSlaveData3: 1019 | DMuxReadData: 0 | InBlockUse: 0 | time=30000
Switch 1 : 0 | Switch 2: 0 | Switch Master : 620 | ClockCount = 3 | Output Value: 0 | Output Value (SVA): 0 | WriteEnable: 0 |  OpCode=LIL |  InDest: 0 | InSrc: 0 | OutDest: 0 | PortData1: 620 | PmuxReadData: 620 | DMuxSlaveData3: 620 | DMuxReadData: 0 | InBlockUse: 0 | time=31000
Switch 1 : 0 | Switch 2: 0 | Switch Master : 364 | ClockCount = 3 | Output Value: 0 | Output Value (SVA): 0 | WriteEnable: 0 |  OpCode=LIL |  InDest: 0 | InSrc: 0 | OutDest: 0 | PortData1: 364 | PmuxReadData: 364 | DMuxSlaveData3: 364 | DMuxReadData: 0 | InBlockUse: 0 | time=34000
Switch 1 : 0 | Switch 2: 0 | Switch Master : 872 | ClockCount = 3 | Output Value: 0 | Output Value (SVA): 0 | WriteEnable: 0 |  OpCode=LIU |  InDest: 0 | InSrc: 0 | OutDest: 49152 | PortData1: 872 | PmuxReadData: 872 | DMuxSlaveData3: 872 | DMuxReadData: 0 | InBlockUse: 0 | time=37000
Switch 1 : 0 | Switch 2: 0 | Switch Master : 767 | ClockCount = 4 | Output Value: 0 | Output Value (SVA): 0 | WriteEnable: 0 |  OpCode=LIU |  InDest: 0 | InSrc: 0 | OutDest: 49152 | PortData1: 767 | PmuxReadData: 767 | DMuxSlaveData3: 767 | DMuxReadData: 0 | InBlockUse: 0 | time=40000
Switch 1 : 0 | Switch 2: 0 | Switch Master : 796 | ClockCount = 4 | Output Value: 0 | Output Value (SVA): 0 | WriteEnable: 0 |  OpCode=LIU |  InDest: 0 | InSrc: 0 | OutDest: 49152 | PortData1: 796 | PmuxReadData: 796 | DMuxSlaveData3: 796 | DMuxReadData: 0 | InBlockUse: 0 | time=43000
Switch 1 : 0 | Switch 2: 0 | Switch Master : 51 | ClockCount = 4 | Output Value: 0 | Output Value (SVA): 0 | WriteEnable: 0 |  OpCode=LIU |  InDest: 0 | InSrc: 0 | OutDest: 49152 | PortData1: 51 | PmuxReadData: 51 | DMuxSlaveData3: 51 | DMuxReadData: 0 | InBlockUse: 0 | time=45000
Switch 1 : 0 | Switch 2: 0 | Switch Master : 234 | ClockCount = 4 | Output Value: 0 | Output Value (SVA): 0 | WriteEnable: 0 |  OpCode=LIL |  InDest: 0 | InSrc: 0 | OutDest: 2 | PortData1: 234 | PmuxReadData: 234 | DMuxSlaveData3: 234 | DMuxReadData: 0 | InBlockUse: 0 | time=47000
Switch 1 : 0 | Switch 2: 0 | Switch Master : 927 | ClockCount = 4 | Output Value: 0 | Output Value (SVA): 0 | WriteEnable: 0 |  OpCode=LIL |  InDest: 0 | InSrc: 0 | OutDest: 2 | PortData1: 927 | PmuxReadData: 927 | DMuxSlaveData3: 927 | DMuxReadData: 0 | InBlockUse: 0 | time=49000
Switch 1 : 0 | Switch 2: 0 | Switch Master : 927 | ClockCount = 5 | Output Value: 0 | Output Value (SVA): 0 | WriteEnable: 0 |  OpCode=LIL |  InDest: 0 | InSrc: 0 | OutDest: 2 | PortData1: 927 | PmuxReadData: 927 | DMuxSlaveData3: 927 | DMuxReadData: 0 | InBlockUse: 0 | time=50000
Switch 1 : 0 | Switch 2: 0 | Switch Master : 971 | ClockCount = 5 | Output Value: 0 | Output Value (SVA): 0 | WriteEnable: 0 |  OpCode=LIL |  InDest: 0 | InSrc: 0 | OutDest: 2 | PortData1: 971 | PmuxReadData: 971 | DMuxSlaveData3: 971 | DMuxReadData: 0 | InBlockUse: 0 | time=52000
Switch 1 : 0 | Switch 2: 0 | Switch Master : 25 | ClockCount = 5 | Output Value: 0 | Output Value (SVA): 0 | WriteEnable: 0 |  OpCode=LIL |  InDest: 0 | InSrc: 0 | OutDest: 2 | PortData1: 25 | PmuxReadData: 25 | DMuxSlaveData3: 25 | DMuxReadData: 0 | InBlockUse: 0 | time=54000
Switch 1 : 0 | Switch 2: 0 | Switch Master : 776 | ClockCount = 5 | Output Value: 0 | Output Value (SVA): 0 | WriteEnable: 0 |  OpCode=LOAD |  InDest: 0 | InSrc: 49152 | OutDest: 776 | PortData1: 776 | PmuxReadData: 776 | DMuxSlaveData3: 776 | DMuxReadData: 776 | InBlockUse: 11 | time=56000
Switch 1 : 0 | Switch 2: 0 | Switch Master : 785 | ClockCount = 5 | Output Value: 0 | Output Value (SVA): 0 | WriteEnable: 0 |  OpCode=LOAD |  InDest: 0 | InSrc: 49152 | OutDest: 785 | PortData1: 785 | PmuxReadData: 785 | DMuxSlaveData3: 785 | DMuxReadData: 785 | InBlockUse: 11 | time=58000
Switch 1 : 0 | Switch 2: 0 | Switch Master : 517 | ClockCount = 6 | Output Value: 0 | Output Value (SVA): 0 | WriteEnable: 0 |  OpCode=LOAD |  InDest: 0 | InSrc: 49152 | OutDest: 517 | PortData1: 517 | PmuxReadData: 517 | DMuxSlaveData3: 517 | DMuxReadData: 517 | InBlockUse: 11 | time=60000
Switch 1 : 0 | Switch 2: 0 | Switch Master : 812 | ClockCount = 6 | Output Value: 0 | Output Value (SVA): 0 | WriteEnable: 0 |  OpCode=LOAD |  InDest: 0 | InSrc: 49152 | OutDest: 812 | PortData1: 812 | PmuxReadData: 812 | DMuxSlaveData3: 812 | DMuxReadData: 812 | InBlockUse: 11 | time=63000
Switch 1 : 812 | Switch 2: 0 | Switch Master : 812 | ClockCount = 6 | Output Value: 0 | Output Value (SVA): 812 | WriteEnable: 0 |  OpCode=LOAD |  InDest: 0 | InSrc: 49152 | OutDest: 812 | PortData1: 812 | PmuxReadData: 812 | DMuxSlaveData3: 812 | DMuxReadData: 812 | InBlockUse: 11 | time=65000
Switch 1 : 812 | Switch 2: 0 | Switch Master : 239 | ClockCount = 6 | Output Value: 0 | Output Value (SVA): 812 | WriteEnable: 0 |  OpCode=LOAD |  InDest: 0 | InSrc: 49152 | OutDest: 239 | PortData1: 239 | PmuxReadData: 239 | DMuxSlaveData3: 239 | DMuxReadData: 239 | InBlockUse: 11 | time=66000
Switch 1 : 812 | Switch 2: 0 | Switch Master : 880 | ClockCount = 6 | Output Value: 0 | Output Value (SVA): 812 | WriteEnable: 0 |  OpCode=LOAD |  InDest: 0 | InSrc: 49152 | OutDest: 880 | PortData1: 880 | PmuxReadData: 880 | DMuxSlaveData3: 880 | DMuxReadData: 880 | InBlockUse: 11 | time=67000
Switch 1 : 812 | Switch 2: 0 | Switch Master : 145 | ClockCount = 7 | Output Value: 0 | Output Value (SVA): 812 | WriteEnable: 0 |  OpCode=LOAD |  InDest: 0 | InSrc: 49152 | OutDest: 145 | PortData1: 145 | PmuxReadData: 145 | DMuxSlaveData3: 145 | DMuxReadData: 145 | InBlockUse: 11 | time=70000
Switch 1 : 812 | Switch 2: 0 | Switch Master : 125 | ClockCount = 7 | Output Value: 0 | Output Value (SVA): 812 | WriteEnable: 0 |  OpCode=LOAD |  InDest: 0 | InSrc: 49152 | OutDest: 125 | PortData1: 125 | PmuxReadData: 125 | DMuxSlaveData3: 125 | DMuxReadData: 125 | InBlockUse: 11 | time=73000
Switch 1 : 812 | Switch 2: 0 | Switch Master : 510 | ClockCount = 7 | Output Value: 0 | Output Value (SVA): 812 | WriteEnable: 0 |  OpCode=LOAD |  InDest: 0 | InSrc: 49152 | OutDest: 510 | PortData1: 510 | PmuxReadData: 510 | DMuxSlaveData3: 510 | DMuxReadData: 510 | InBlockUse: 11 | time=74000
Switch 1 : 812 | Switch 2: 510 | Switch Master : 510 | ClockCount = 7 | Output Value: 0 | Output Value (SVA): 1322 | WriteEnable: 0 |  OpCode=ADC |  InDest: 510 | InSrc: 812 | OutDest: 1322 | PortData1: 510 | PmuxReadData: 510 | DMuxSlaveData3: 510 | DMuxReadData: 0 | InBlockUse: 0 | time=75000
Switch 1 : 812 | Switch 2: 510 | Switch Master : 205 | ClockCount = 7 | Output Value: 0 | Output Value (SVA): 1322 | WriteEnable: 0 |  OpCode=ADC |  InDest: 510 | InSrc: 812 | OutDest: 1322 | PortData1: 205 | PmuxReadData: 205 | DMuxSlaveData3: 205 | DMuxReadData: 0 | InBlockUse: 0 | time=77000
Switch 1 : 812 | Switch 2: 510 | Switch Master : 980 | ClockCount = 7 | Output Value: 0 | Output Value (SVA): 1322 | WriteEnable: 0 |  OpCode=ADC |  InDest: 510 | InSrc: 812 | OutDest: 1322 | PortData1: 980 | PmuxReadData: 980 | DMuxSlaveData3: 980 | DMuxReadData: 0 | InBlockUse: 0 | time=79000
Switch 1 : 812 | Switch 2: 510 | Switch Master : 980 | ClockCount = 8 | Output Value: 0 | Output Value (SVA): 1322 | WriteEnable: 0 |  OpCode=ADC |  InDest: 510 | InSrc: 812 | OutDest: 1322 | PortData1: 980 | PmuxReadData: 980 | DMuxSlaveData3: 980 | DMuxReadData: 0 | InBlockUse: 0 | time=80000
Switch 1 : 812 | Switch 2: 510 | Switch Master : 559 | ClockCount = 8 | Output Value: 0 | Output Value (SVA): 1322 | WriteEnable: 0 |  OpCode=ADC |  InDest: 510 | InSrc: 812 | OutDest: 1322 | PortData1: 559 | PmuxReadData: 559 | DMuxSlaveData3: 559 | DMuxReadData: 0 | InBlockUse: 0 | time=82000
Switch 1 : 812 | Switch 2: 510 | Switch Master : 821 | ClockCount = 8 | Output Value: 0 | Output Value (SVA): 1322 | WriteEnable: 0 |  OpCode=ADC |  InDest: 510 | InSrc: 812 | OutDest: 1322 | PortData1: 821 | PmuxReadData: 821 | DMuxSlaveData3: 821 | DMuxReadData: 0 | InBlockUse: 0 | time=85000
Switch 1 : 812 | Switch 2: 510 | Switch Master : 821 | ClockCount = 8 | Output Value: 1322 | Output Value (SVA): 1322 | WriteEnable: 1 |  OpCode=STORE |  InDest: 2 | InSrc: 1322 | OutDest: 0 | PortData1: 821 | PmuxReadData: 821 | DMuxSlaveData3: 821 | DMuxReadData: 0 | InBlockUse: 0 | time=85000
Switch 1 : 812 | Switch 2: 510 | Switch Master : 15 | ClockCount = 8 | Output Value: 1322 | Output Value (SVA): 1322 | WriteEnable: 1 |  OpCode=STORE |  InDest: 2 | InSrc: 1322 | OutDest: 0 | PortData1: 15 | PmuxReadData: 15 | DMuxSlaveData3: 15 | DMuxReadData: 0 | InBlockUse: 0 | time=86000
Final value is equal to  1322.
- HighRiscTb.sv:134: Verilog $finish
- S i m u l a t i o n   R e p o r t: Verilator 5.051 devel
- Verilator: $finish at 87ns; walltime 0.012 s; speed 7.547 us/s
- Verilator: cpu 0.012 s on 1 threads; allocated 4 MB
