#! /usr/bin/vvp
:ivl_version "12.0 (stable)";
:ivl_delay_selection "TYPICAL";
:vpi_time_precision - 12;
:vpi_module "/usr/lib/x86_64-linux-gnu/ivl/system.vpi";
:vpi_module "/usr/lib/x86_64-linux-gnu/ivl/vhdl_sys.vpi";
:vpi_module "/usr/lib/x86_64-linux-gnu/ivl/vhdl_textio.vpi";
:vpi_module "/usr/lib/x86_64-linux-gnu/ivl/v2005_math.vpi";
:vpi_module "/usr/lib/x86_64-linux-gnu/ivl/va_math.vpi";
:vpi_module "/usr/lib/x86_64-linux-gnu/ivl/v2009.vpi";
S_0x561e26317880 .scope package, "$unit" "$unit" 2 1;
 .timescale 0 0;
S_0x561e26325320 .scope module, "sync_fifo_tb" "sync_fifo_tb" 3 7;
 .timescale -9 -12;
v0x561e2634c120_0 .var "clk", 0 0;
v0x561e2634c1e0_0 .var "d_data", 47 0;
v0x561e2634c2a0_0 .var "d_in", 47 0;
v0x561e2634c3a0_0 .net "d_out", 47 0, v0x561e263134f0_0;  1 drivers
v0x561e2634c470_0 .net "empty", 0 0, v0x561e26313dc0_0;  1 drivers
v0x561e2634c510_0 .net "full", 0 0, v0x561e2634b940_0;  1 drivers
v0x561e2634c5e0_0 .net "rd_ack", 0 0, v0x561e2634ba00_0;  1 drivers
v0x561e2634c6b0_0 .var "rd_en", 0 0;
v0x561e2634c780_0 .var "reset_n", 0 0;
v0x561e2634c850_0 .net "wr_ack", 0 0, v0x561e2634bd20_0;  1 drivers
v0x561e2634c920_0 .var "wr_en", 0 0;
S_0x561e263254b0 .scope begin, "$unm_blk_14" "$unm_blk_14" 3 63, 3 63 0, S_0x561e26325320;
 .timescale -9 -12;
v0x561e2630eae0_0 .var/2s "timeout_counter", 31 0;
E_0x561e2631ece0 .event posedge, v0x561e26315980_0;
S_0x561e2634b0c0 .scope begin, "$unm_blk_18" "$unm_blk_18" 3 107, 3 107 0, S_0x561e26325320;
 .timescale -9 -12;
v0x561e26315480_0 .var/2s "timeout_counter1", 31 0;
E_0x561e2631efa0 .event anyedge, v0x561e2634b940_0;
S_0x561e2634b340 .scope module, "uut" "sync_fifo" 3 22, 4 8 0, S_0x561e26325320;
 .timescale -9 -12;
    .port_info 0 /INPUT 48 "d_in";
    .port_info 1 /INPUT 1 "rd_en";
    .port_info 2 /INPUT 1 "wr_en";
    .port_info 3 /INPUT 1 "clk";
    .port_info 4 /OUTPUT 48 "d_out";
    .port_info 5 /OUTPUT 1 "full";
    .port_info 6 /OUTPUT 1 "empty";
    .port_info 7 /INPUT 1 "reset_n";
    .port_info 8 /OUTPUT 1 "wr_ack";
    .port_info 9 /OUTPUT 1 "rd_ack";
P_0x561e26310b70 .param/l "DEPTH" 0 4 8, +C4<00000000000000000000000010000000>;
P_0x561e26310bb0 .param/l "DEPTHBIN" 0 4 8, +C4<00000000000000000000000000000111>;
P_0x561e26310bf0 .param/l "LENGTH" 0 4 8, +C4<00000000000000000000000000110000>;
v0x561e26315980_0 .net "clk", 0 0, v0x561e2634c120_0;  1 drivers
v0x561e26316ff0_0 .net "d_in", 47 0, v0x561e2634c2a0_0;  1 drivers
v0x561e263134f0_0 .var "d_out", 47 0;
v0x561e263138f0_0 .var "depth_diff", 6 0;
v0x561e26313dc0_0 .var "empty", 0 0;
v0x561e2634b880 .array "fifo", 127 0, 47 0;
v0x561e2634b940_0 .var "full", 0 0;
v0x561e2634ba00_0 .var "rd_ack", 0 0;
v0x561e2634bac0_0 .net "rd_en", 0 0, v0x561e2634c6b0_0;  1 drivers
v0x561e2634bb80_0 .var "rd_up", 6 0;
v0x561e2634bc60_0 .net "reset_n", 0 0, v0x561e2634c780_0;  1 drivers
v0x561e2634bd20_0 .var "wr_ack", 0 0;
v0x561e2634bde0_0 .net "wr_en", 0 0, v0x561e2634c920_0;  1 drivers
v0x561e2634bea0_0 .var "wr_up", 6 0;
E_0x561e2631dc60 .event anyedge, v0x561e2634bea0_0, v0x561e2634bb80_0;
    .scope S_0x561e2634b340;
T_0 ;
    %wait E_0x561e2631ece0;
    %load/vec4 v0x561e2634bc60_0;
    %nor/r;
    %flag_set/vec4 8;
    %jmp/0xz  T_0.0, 8;
    %pushi/vec4 0, 0, 7;
    %assign/vec4 v0x561e2634bea0_0, 0;
    %pushi/vec4 0, 0, 7;
    %assign/vec4 v0x561e2634bb80_0, 0;
    %jmp T_0.1;
T_0.0 ;
    %load/vec4 v0x561e2634bde0_0;
    %flag_set/vec4 9;
    %flag_get/vec4 9;
    %jmp/0 T_0.4, 9;
    %load/vec4 v0x561e2634b940_0;
    %nor/r;
    %and;
T_0.4;
    %flag_set/vec4 8;
    %jmp/0xz  T_0.2, 8;
    %load/vec4 v0x561e26316ff0_0;
    %load/vec4 v0x561e2634bea0_0;
    %pad/u 9;
    %ix/vec4 3;
    %ix/load 4, 0, 0; Constant delay
    %assign/vec4/a/d v0x561e2634b880, 0, 4;
    %load/vec4 v0x561e2634bea0_0;
    %addi 1, 0, 7;
    %assign/vec4 v0x561e2634bea0_0, 0;
    %pushi/vec4 1, 0, 1;
    %assign/vec4 v0x561e2634bd20_0, 0;
    %pushi/vec4 0, 0, 1;
    %assign/vec4 v0x561e2634ba00_0, 0;
    %jmp T_0.3;
T_0.2 ;
    %load/vec4 v0x561e2634bac0_0;
    %flag_set/vec4 9;
    %flag_get/vec4 9;
    %jmp/0 T_0.7, 9;
    %load/vec4 v0x561e26313dc0_0;
    %nor/r;
    %and;
T_0.7;
    %flag_set/vec4 8;
    %jmp/0xz  T_0.5, 8;
    %load/vec4 v0x561e2634bb80_0;
    %pad/u 9;
    %ix/vec4 4;
    %load/vec4a v0x561e2634b880, 4;
    %assign/vec4 v0x561e263134f0_0, 0;
    %load/vec4 v0x561e2634bb80_0;
    %addi 1, 0, 7;
    %assign/vec4 v0x561e2634bb80_0, 0;
    %pushi/vec4 1, 0, 1;
    %assign/vec4 v0x561e2634ba00_0, 0;
    %pushi/vec4 0, 0, 1;
    %assign/vec4 v0x561e2634bd20_0, 0;
    %jmp T_0.6;
T_0.5 ;
    %pushi/vec4 0, 0, 1;
    %assign/vec4 v0x561e2634ba00_0, 0;
    %pushi/vec4 0, 0, 1;
    %assign/vec4 v0x561e2634bd20_0, 0;
T_0.6 ;
T_0.3 ;
T_0.1 ;
    %jmp T_0;
    .thread T_0;
    .scope S_0x561e2634b340;
T_1 ;
Ewait_0 .event/or E_0x561e2631dc60, E_0x0;
    %wait Ewait_0;
    %load/vec4 v0x561e2634bea0_0;
    %load/vec4 v0x561e2634bb80_0;
    %sub;
    %store/vec4 v0x561e263138f0_0, 0, 7;
    %load/vec4 v0x561e263138f0_0;
    %cmpi/e 100, 0, 7;
    %jmp/0xz  T_1.0, 4;
    %pushi/vec4 1, 0, 1;
    %store/vec4 v0x561e2634b940_0, 0, 1;
    %pushi/vec4 0, 0, 1;
    %store/vec4 v0x561e26313dc0_0, 0, 1;
    %jmp T_1.1;
T_1.0 ;
    %load/vec4 v0x561e263138f0_0;
    %cmpi/e 0, 0, 7;
    %jmp/0xz  T_1.2, 4;
    %pushi/vec4 1, 0, 1;
    %store/vec4 v0x561e26313dc0_0, 0, 1;
    %pushi/vec4 0, 0, 1;
    %store/vec4 v0x561e2634b940_0, 0, 1;
    %jmp T_1.3;
T_1.2 ;
    %pushi/vec4 0, 0, 1;
    %store/vec4 v0x561e2634b940_0, 0, 1;
    %pushi/vec4 0, 0, 1;
    %store/vec4 v0x561e26313dc0_0, 0, 1;
T_1.3 ;
T_1.1 ;
    %jmp T_1;
    .thread T_1, $push;
    .scope S_0x561e26325320;
T_2 ;
    %vpi_call/w 3 36 "$dumpfile", "sync_fifo.vcd" {0 0 0};
    %vpi_call/w 3 37 "$dumpvars", 32'sb00000000000000000000000000000000, S_0x561e26325320 {0 0 0};
    %end;
    .thread T_2;
    .scope S_0x561e26325320;
T_3 ;
    %delay 6250, 0;
    %load/vec4 v0x561e2634c120_0;
    %inv;
    %store/vec4 v0x561e2634c120_0, 0, 1;
    %jmp T_3;
    .thread T_3;
    .scope S_0x561e26325320;
T_4 ;
    %pushi/vec4 0, 0, 48;
    %assign/vec4 v0x561e2634c1e0_0, 0;
    %pushi/vec4 0, 0, 48;
    %assign/vec4 v0x561e2634c2a0_0, 0;
    %pushi/vec4 0, 0, 1;
    %assign/vec4 v0x561e2634c6b0_0, 0;
    %pushi/vec4 0, 0, 1;
    %assign/vec4 v0x561e2634c920_0, 0;
    %pushi/vec4 0, 0, 1;
    %assign/vec4 v0x561e2634c780_0, 0;
    %pushi/vec4 0, 0, 1;
    %assign/vec4 v0x561e2634c120_0, 0;
    %delay 25000, 0;
    %pushi/vec4 1, 0, 1;
    %assign/vec4 v0x561e2634c780_0, 0;
    %wait E_0x561e2631ece0;
    %vpi_call/w 3 58 "$monitor", "[%0t] full=%b | wr_en=%b wr_up=%0d din=0x%0h | rd_en=%b rd_up=%0d dout=0x%0h", $time, v0x561e2634c510_0, v0x561e2634c920_0, v0x561e2634bea0_0, v0x561e2634c2a0_0, v0x561e2634c6b0_0, v0x561e2634bb80_0, v0x561e2634c3a0_0 {0 0 0};
    %fork t_1, S_0x561e26325320;
    %fork t_2, S_0x561e26325320;
    %join;
    %join;
    %jmp t_0;
t_1 ;
    %fork t_4, S_0x561e263254b0;
    %jmp t_3;
    .scope S_0x561e263254b0;
t_4 ;
T_4.0 ;
    %load/vec4 v0x561e2634c510_0;
    %nor/r;
    %flag_set/vec4 8;
    %jmp/0xz T_4.1, 8;
    %delay 100000, 0;
    %wait E_0x561e2631ece0;
    %pushi/vec4 1, 0, 1;
    %assign/vec4 v0x561e2634c920_0, 0;
    %vpi_func 3 73 "$random" 32 {0 0 0};
    %vpi_func 3 73 "$random" 32 {0 0 0};
    %concat/vec4; draw_concat_vec4
    %pad/u 48;
    %assign/vec4 v0x561e2634c2a0_0, 0;
    %wait E_0x561e2631ece0;
    %pushi/vec4 0, 0, 1;
    %assign/vec4 v0x561e2634c920_0, 0;
    %pushi/vec4 0, 0, 32;
    %store/vec4 v0x561e2630eae0_0, 0, 32;
T_4.2 ;
    %load/vec4 v0x561e2634c850_0;
    %nor/r;
    %flag_set/vec4 8;
    %jmp/0xz T_4.3, 8;
    %wait E_0x561e2631ece0;
    %load/vec4 v0x561e2630eae0_0;
    %addi 1, 0, 32;
    %cast2;
    %store/vec4 v0x561e2630eae0_0, 0, 32;
    %load/vec4 v0x561e2630eae0_0;
    %cmpi/s 5, 0, 32;
    %flag_or 5, 4; GT is !LE
    %flag_inv 5;
    %jmp/0xz  T_4.4, 5;
    %vpi_call/w 3 89 "$display", "Fatal write acknowledgment timeout from the FIFO!!" {0 0 0};
    %vpi_call/w 3 90 "$stop" {0 0 0};
T_4.4 ;
    %jmp T_4.2;
T_4.3 ;
    %pushi/vec4 0, 0, 1;
    %assign/vec4 v0x561e2634c920_0, 0;
    %wait E_0x561e2631ece0;
    %jmp T_4.0;
T_4.1 ;
    %vpi_call/w 3 103 "$display", "\012[%0t] WRITE THREAD HALTED: FIFO 'full' flag is HIGH. Hardware successfully blocked further writes.\012", $time {0 0 0};
    %end;
    .scope S_0x561e26325320;
t_3 %join;
    %end;
t_2 ;
    %fork t_6, S_0x561e2634b0c0;
    %jmp t_5;
    .scope S_0x561e2634b0c0;
t_6 ;
T_4.6 ;
    %load/vec4 v0x561e2634c510_0;
    %pushi/vec4 1, 0, 1;
    %cmp/e;
    %flag_get/vec4 4;
    %cmpi/ne 1, 0, 1;
    %jmp/0xz T_4.7, 6;
    %wait E_0x561e2631efa0;
    %jmp T_4.6;
T_4.7 ;
    %wait E_0x561e2631ece0;
    %vpi_call/w 3 113 "$display", "1Hz timer fired! Initiating burst read." {0 0 0};
T_4.8 ;
    %load/vec4 v0x561e2634c470_0;
    %nor/r;
    %flag_set/vec4 8;
    %jmp/0xz T_4.9, 8;
    %pushi/vec4 1, 0, 1;
    %assign/vec4 v0x561e2634c6b0_0, 0;
    %wait E_0x561e2631ece0;
    %load/vec4 v0x561e2634c3a0_0;
    %assign/vec4 v0x561e2634c1e0_0, 0;
    %pushi/vec4 0, 0, 32;
    %store/vec4 v0x561e26315480_0, 0, 32;
T_4.10 ;
    %load/vec4 v0x561e2634c5e0_0;
    %nor/r;
    %flag_set/vec4 8;
    %jmp/0xz T_4.11, 8;
    %wait E_0x561e2631ece0;
    %load/vec4 v0x561e26315480_0;
    %addi 1, 0, 32;
    %cast2;
    %store/vec4 v0x561e26315480_0, 0, 32;
    %load/vec4 v0x561e26315480_0;
    %cmpi/s 5, 0, 32;
    %flag_or 5, 4; GT is !LE
    %flag_inv 5;
    %jmp/0xz  T_4.12, 5;
    %vpi_call/w 3 132 "$display", "Fatal read acknowledgement timeout from the FIFO!!" {0 0 0};
    %vpi_call/w 3 133 "$stop" {0 0 0};
T_4.12 ;
    %jmp T_4.10;
T_4.11 ;
    %jmp T_4.8;
T_4.9 ;
    %pushi/vec4 0, 0, 1;
    %assign/vec4 v0x561e2634c6b0_0, 0;
    %vpi_call/w 3 142 "$display", "Burst sequence has finished!!" {0 0 0};
    %end;
    .scope S_0x561e26325320;
t_5 %join;
    %end;
    .scope S_0x561e26325320;
t_0 ;
    %delay 500000, 0;
    %vpi_call/w 3 146 "$finish" {0 0 0};
    %end;
    .thread T_4;
# The file index is used to find the file name in the following table.
:file_names 5;
    "N/A";
    "<interactive>";
    "-";
    "sync_fifo_tb.v";
    "sync_fifo_new.v";
